  Determining projects to restore...
C:\projetos\projeto\src\Bolao\BolaoApi.Tests\BolaoApi.Tests.csproj : warning NU1903: Package 'System.Security.Cryptography.Xml' 9.0.0 has a known high severity vulnerability, https://github.com/advisories/GHSA-37gx-xxp4-5rgx [C:\projetos\projeto\src\Bolao\Bolao.sln]
C:\projetos\projeto\src\Bolao\BolaoApi.Tests\BolaoApi.Tests.csproj : warning NU1903: Package 'System.Security.Cryptography.Xml' 9.0.0 has a known high severity vulnerability, https://github.com/advisories/GHSA-w3x6-4m5h-cxqf [C:\projetos\projeto\src\Bolao\Bolao.sln]
  All projects are up-to-date for restore.
C:\projetos\projeto\src\Bolao\BolaoApi.Tests\BolaoApi.Tests.csproj : warning NU1903: Package 'System.Security.Cryptography.Xml' 9.0.0 has a known high severity vulnerability, https://github.com/advisories/GHSA-37gx-xxp4-5rgx
C:\projetos\projeto\src\Bolao\BolaoApi.Tests\BolaoApi.Tests.csproj : warning NU1903: Package 'System.Security.Cryptography.Xml' 9.0.0 has a known high severity vulnerability, https://github.com/advisories/GHSA-w3x6-4m5h-cxqf
C:\projetos\projeto\src\Bolao\BolaoApi\Program.cs(55,1): warning ASPDEPR002: 'OpenApiEndpointConventionBuilderExtensions.WithOpenApi<TBuilder>(TBuilder)' is obsolete: 'WithOpenApi is deprecated and will be removed in a future release. For more information, visit https://aka.ms/aspnet/deprecate/002.' (https://aka.ms/aspnet/deprecate/002) [C:\projetos\projeto\src\Bolao\BolaoApi\BolaoApi.csproj]
C:\projetos\projeto\src\Bolao\BolaoApi\Program.cs(74,1): warning ASPDEPR002: 'OpenApiEndpointConventionBuilderExtensions.WithOpenApi<TBuilder>(TBuilder)' is obsolete: 'WithOpenApi is deprecated and will be removed in a future release. For more information, visit https://aka.ms/aspnet/deprecate/002.' (https://aka.ms/aspnet/deprecate/002) [C:\projetos\projeto\src\Bolao\BolaoApi\BolaoApi.csproj]
  BolaoApi -> C:\projetos\projeto\src\Bolao\BolaoApi\bin\Debug\net10.0\BolaoApi.dll
  BolaoApi.Tests -> C:\projetos\projeto\src\Bolao\BolaoApi.Tests\bin\Debug\net10.0\BolaoApi.Tests.dll

Build succeeded.

C:\projetos\projeto\src\Bolao\BolaoApi.Tests\BolaoApi.Tests.csproj : warning NU1903: Package 'System.Security.Cryptography.Xml' 9.0.0 has a known high severity vulnerability, https://github.com/advisories/GHSA-37gx-xxp4-5rgx [C:\projetos\projeto\src\Bolao\Bolao.sln]
C:\projetos\projeto\src\Bolao\BolaoApi.Tests\BolaoApi.Tests.csproj : warning NU1903: Package 'System.Security.Cryptography.Xml' 9.0.0 has a known high severity vulnerability, https://github.com/advisories/GHSA-w3x6-4m5h-cxqf [C:\projetos\projeto\src\Bolao\Bolao.sln]
C:\projetos\projeto\src\Bolao\BolaoApi.Tests\BolaoApi.Tests.csproj : warning NU1903: Package 'System.Security.Cryptography.Xml' 9.0.0 has a known high severity vulnerability, https://github.com/advisories/GHSA-37gx-xxp4-5rgx
C:\projetos\projeto\src\Bolao\BolaoApi.Tests\BolaoApi.Tests.csproj : warning NU1903: Package 'System.Security.Cryptography.Xml' 9.0.0 has a known high severity vulnerability, https://github.com/advisories/GHSA-w3x6-4m5h-cxqf
C:\projetos\projeto\src\Bolao\BolaoApi\Program.cs(55,1): warning ASPDEPR002: 'OpenApiEndpointConventionBuilderExtensions.WithOpenApi<TBuilder>(TBuilder)' is obsolete: 'WithOpenApi is deprecated and will be removed in a future release. For more information, visit https://aka.ms/aspnet/deprecate/002.' (https://aka.ms/aspnet/deprecate/002) [C:\projetos\projeto\src\Bolao\BolaoApi\BolaoApi.csproj]
C:\projetos\projeto\src\Bolao\BolaoApi\Program.cs(74,1): warning ASPDEPR002: 'OpenApiEndpointConventionBuilderExtensions.WithOpenApi<TBuilder>(TBuilder)' is obsolete: 'WithOpenApi is deprecated and will be removed in a future release. For more information, visit https://aka.ms/aspnet/deprecate/002.' (https://aka.ms/aspnet/deprecate/002) [C:\projetos\projeto\src\Bolao\BolaoApi\BolaoApi.csproj]
    6 Warning(s)
    0 Error(s)

Time Elapsed 00:00:03.18
